Flow report for piano
Tue Feb 09 13:41:58 2021
Quartus II Version 9.0 Build 132 02/25/2009 SJ Full Version


---------------------
; Table of Contents ;
---------------------
  1. Legal Notice
  2. Flow Summary
  3. Flow Settings
  4. Flow Non-Default Global Settings
  5. Flow Elapsed Time
  6. Flow OS Summary
  7. Flow Log



----------------
; Legal Notice ;
----------------
Copyright (C) 1991-2009 Altera Corporation
Your use of Altera Corporation's design tools, logic functions 
and other software and tools, and its AMPP partner logic 
functions, and any output files from any of the foregoing 
(including device programming or simulation files), and any 
associated documentation or information are expressly subject 
to the terms and conditions of the Altera Program License 
Subscription Agreement, Altera MegaCore Function License 
Agreement, or other applicable license agreement, including, 
without limitation, that your use is for the sole purpose of 
programming logic devices manufactured by Altera and sold by 
Altera or its authorized distributors.  Please refer to the 
applicable agreement for further details.



+-------------------------------------------------------------------------------+
; Flow Summary                                                                  ;
+------------------------------------+------------------------------------------+
; Flow Status                        ; Successful - Tue Feb 09 13:41:58 2021    ;
; Quartus II Version                 ; 9.0 Build 132 02/25/2009 SJ Full Version ;
; Revision Name                      ; piano                                    ;
; Top-level Entity Name              ; piano                                    ;
; Family                             ; Cyclone II                               ;
; Device                             ; EP2C5T144C8                              ;
; Timing Models                      ; Final                                    ;
; Met timing requirements            ; Yes                                      ;
; Total logic elements               ; 1,250 / 4,608 ( 27 % )                   ;
;     Total combinational functions  ; 1,250 / 4,608 ( 27 % )                   ;
;     Dedicated logic registers      ; 772 / 4,608 ( 17 % )                     ;
; Total registers                    ; 772                                      ;
; Total pins                         ; 73 / 89 ( 82 % )                         ;
; Total virtual pins                 ; 0                                        ;
; Total memory bits                  ; 0 / 119,808 ( 0 % )                      ;
; Embedded Multiplier 9-bit elements ; 0 / 26 ( 0 % )                           ;
; Total PLLs                         ; 0 / 2 ( 0 % )                            ;
+------------------------------------+------------------------------------------+


+-----------------------------------------+
; Flow Settings                           ;
+-------------------+---------------------+
; Option            ; Setting             ;
+-------------------+---------------------+
; Start date & time ; 02/09/2021 13:41:31 ;
; Main task         ; Compilation         ;
; Revision Name     ; piano               ;
+-------------------+---------------------+


+--------------------------------------------------------------------------------------------------------------------------------------------------------------------------+
; Flow Non-Default Global Settings                                                                                                                                         ;
+------------------------------------+--------------------------------------------------------------------------------------+---------------+-------------+----------------+
; Assignment Name                    ; Value                                                                                ; Default Value ; Entity Name ; Section Id     ;
+------------------------------------+--------------------------------------------------------------------------------------+---------------+-------------+----------------+
; COMPILER_SIGNATURE_ID              ; 220295149754027.161285649011140                                                      ; --            ; --          ; --             ;
; MAX_CORE_JUNCTION_TEMP             ; 85                                                                                   ; --            ; --          ; --             ;
; MIN_CORE_JUNCTION_TEMP             ; 0                                                                                    ; --            ; --          ; --             ;
; MISC_FILE                          ; D:/Documents/BUET/Lab/DLD/DLD Project Proposals/Poor Mans Piano/Piano/piano.dpf      ; --            ; --          ; --             ;
; MISC_FILE                          ; D:/Documents/BUET/My Files/DLD/DLD Project Proposals/Poor Mans Piano/Piano/piano.dpf ; --            ; --          ; --             ;
; MISC_FILE                          ; D:/Projects/Poor-Mans-Piano/Piano/piano.dpf                                          ; --            ; --          ; --             ;
; PARTITION_COLOR                    ; 16764057                                                                             ; --            ; --          ; Top            ;
; PARTITION_NETLIST_TYPE             ; SOURCE                                                                               ; --            ; --          ; Top            ;
; USE_GENERATED_PHYSICAL_CONSTRAINTS ; Off                                                                                  ; --            ; --          ; eda_blast_fpga ;
+------------------------------------+--------------------------------------------------------------------------------------+---------------+-------------+----------------+


+-----------------------------------------------------------------------------------------------------------------------------+
; Flow Elapsed Time                                                                                                           ;
+-------------------------+--------------+-------------------------+---------------------+------------------------------------+
; Module Name             ; Elapsed Time ; Average Processors Used ; Peak Virtual Memory ; Total CPU Time (on all processors) ;
+-------------------------+--------------+-------------------------+---------------------+------------------------------------+
; Analysis & Synthesis    ; 00:00:05     ; 1.0                     ; 238 MB              ; 00:00:04                           ;
; Fitter                  ; 00:00:06     ; 1.0                     ; 270 MB              ; 00:00:06                           ;
; Assembler               ; 00:00:03     ; 1.0                     ; 220 MB              ; 00:00:03                           ;
; Classic Timing Analyzer ; 00:00:01     ; 1.0                     ; 185 MB              ; 00:00:01                           ;
; Total                   ; 00:00:15     ; --                      ; --                  ; 00:00:14                           ;
+-------------------------+--------------+-------------------------+---------------------+------------------------------------+


+------------------------------------------------------------------------------------------+
; Flow OS Summary                                                                          ;
+-------------------------+------------------+---------------+------------+----------------+
; Module Name             ; Machine Hostname ; OS Name       ; OS Version ; Processor type ;
+-------------------------+------------------+---------------+------------+----------------+
; Analysis & Synthesis    ; DESKTOP-2DI2585  ; Windows Vista ; 6.2        ; x86_64         ;
; Fitter                  ; DESKTOP-2DI2585  ; Windows Vista ; 6.2        ; x86_64         ;
; Assembler               ; DESKTOP-2DI2585  ; Windows Vista ; 6.2        ; x86_64         ;
; Classic Timing Analyzer ; DESKTOP-2DI2585  ; Windows Vista ; 6.2        ; x86_64         ;
+-------------------------+------------------+---------------+------------+----------------+


------------
; Flow Log ;
------------
quartus_map --read_settings_files=on --write_settings_files=off piano -c piano
quartus_fit --read_settings_files=off --write_settings_files=off piano -c piano
quartus_asm --read_settings_files=off --write_settings_files=off piano -c piano
quartus_tan --read_settings_files=off --write_settings_files=off piano -c piano --timing_analysis_only



